Making all in src
make[1]: Entering directory '/tmp/1234/bitcoin-test-repo/src'
make[2]: Entering directory '/tmp/1234/bitcoin-test-repo/src'
  CXX      libbitcoinconsensus_la-arith_uint256.lo
  CXX      libbitcoinconsensus_la-hash.lo
  CXX      libbitcoinconsensus_la-pubkey.lo
  CXX      libbitcoinconsensus_la-utilstrencodings.lo
  CXX      libbitcoinconsensus_la-uint256.lo
  CXX      bitcoind-bitcoind.o
  CXX      libbitcoin_server_a-addrman.o
make[3]: Entering directory '/tmp/1234/bitcoin-test-repo/src/secp256k1'
gcc -I. -g -O2 -Wall -Wextra -Wno-unused-function -c src/gen_context.c -o gen_context.o
  CXX      libbitcoin_server_a-bloom.o
  CXX      libbitcoin_server_a-blockencodings.o
  CXX      libbitcoin_server_a-chain.o
  CXX      libbitcoin_server_a-checkpoints.o
  CXX      libbitcoin_server_a-httprpc.o
gcc gen_context.o -o gen_context
./gen_context
  CC       src/libsecp256k1_la-secp256k1.lo
  CXX      libbitcoin_server_a-httpserver.o
  CXX      libbitcoin_server_a-init.o
  CXX      libbitcoin_server_a-dbwrapper.o
  CCLD     libsecp256k1.la
make[3]: Leaving directory '/tmp/1234/bitcoin-test-repo/src/secp256k1'
  CXX      libbitcoin_server_a-main.o
  CXX      libbitcoin_server_a-merkleblock.o
  CXX      libbitcoin_server_a-miner.o
  CXX      libbitcoin_server_a-net.o
  CXX      libbitcoin_server_a-noui.o
  CXX      libbitcoin_server_a-pow.o
  CXX      libbitcoin_server_a-rest.o
  CXX      script/libbitcoin_server_a-sigcache.o
  CXX      script/libbitcoin_server_a-ismine.o
  CXX      libbitcoin_server_a-timedata.o
  CXX      libbitcoin_server_a-torcontrol.o
  CXX      libbitcoin_server_a-txdb.o
  CXX      libbitcoin_server_a-txmempool.o
  CXX      libbitcoin_server_a-ui_interface.o
  CXX      libbitcoin_server_a-validationinterface.o
  CXX      libbitcoin_server_a-versionbits.o
  CXX      libbitcoin_common_a-amount.o
  CXX      libbitcoin_common_a-base58.o
  CXX      libbitcoin_common_a-chainparams.o
  CXX      libbitcoin_common_a-coins.o
  CXX      libbitcoin_common_a-compressor.o
  CXX      libbitcoin_common_a-core_read.o
  CXX      libbitcoin_common_a-core_write.o
  CXX      libbitcoin_common_a-key.o
  CXX      libbitcoin_common_a-keystore.o
  CXX      libbitcoin_common_a-netbase.o
  CXX      libbitcoin_common_a-protocol.o
  CXX      libbitcoin_common_a-scheduler.o
  CXX      script/libbitcoin_common_a-sign.o
  CXX      script/libbitcoin_common_a-standard.o
make[3]: Entering directory '/tmp/1234/bitcoin-test-repo/src/univalue'
  CXX      lib/libunivalue_la-univalue.lo
  CXX      lib/libunivalue_la-univalue_read.lo
  CXX      libbitcoin_util_a-chainparamsbase.o
  CXX      lib/libunivalue_la-univalue_write.lo
  CXX      libbitcoin_util_a-random.o
  CXX      rpc/libbitcoin_util_a-protocol.o
  CXX      support/libbitcoin_util_a-cleanse.o
  CXX      libbitcoin_util_a-sync.o
  CXXLD    libunivalue.la
make[3]: Leaving directory '/tmp/1234/bitcoin-test-repo/src/univalue'
  CXX      libbitcoin_util_a-util.o
  CXX      libbitcoin_util_a-utilmoneystr.o
  CXX      libbitcoin_util_a-utilstrencodings.o
  CXX      libbitcoin_util_a-utiltime.o
  CXX      policy/libbitcoin_wallet_a-rbf.o
  CXX      libbitcoin_consensus_a-arith_uint256.o
  CXX      consensus/libbitcoin_consensus_a-merkle.o
  CXX      libbitcoin_consensus_a-hash.o
  CXX      primitives/libbitcoin_consensus_a-block.o
  CXX      primitives/libbitcoin_consensus_a-transaction.o
  CXX      libbitcoin_consensus_a-pubkey.o
  CXX      script/libbitcoin_consensus_a-bitcoinconsensus.o
  CXX      script/libbitcoin_consensus_a-interpreter.o
  CXX      script/libbitcoin_consensus_a-script.o
  CXX      script/libbitcoin_consensus_a-script_error.o
  CXX      libbitcoin_consensus_a-uint256.o
  CXX      libbitcoin_consensus_a-utilstrencodings.o
  CXX      crypto/crypto_libbitcoin_crypto_a-aes.o
  CXX      crypto/crypto_libbitcoin_crypto_a-hmac_sha256.o
  CXX      crypto/crypto_libbitcoin_crypto_a-hmac_sha512.o
  CXX      crypto/crypto_libbitcoin_crypto_a-ripemd160.o
  CXX      crypto/crypto_libbitcoin_crypto_a-sha1.o
  CXX      crypto/crypto_libbitcoin_crypto_a-sha256.o
  CXX      crypto/crypto_libbitcoin_crypto_a-sha512.o
  CXX      bitcoin_cli-bitcoin-cli.o
  CXX      rpc/libbitcoin_cli_a-client.o
  CXX      bitcoin_tx-bitcoin-tx.o
Generated test/data/script_tests.json.h
Generated test/data/base58_keys_valid.json.h
Generated test/data/base58_encode_decode.json.h
Generated test/data/base58_keys_invalid.json.h
Generated test/data/tx_invalid.json.h
Generated test/data/tx_valid.json.h
Generated test/data/sighash.json.h
  GEN      qt/forms/ui_addressbookpage.h
  GEN      qt/forms/ui_askpassphrasedialog.h
  GEN      qt/forms/ui_coincontroldialog.h
  GEN      qt/forms/ui_editaddressdialog.h
  GEN      qt/forms/ui_helpmessagedialog.h
  GEN      qt/forms/ui_intro.h
  GEN      qt/forms/ui_openuridialog.h
  GEN      qt/forms/ui_optionsdialog.h
  GEN      qt/forms/ui_overviewpage.h
  GEN      qt/forms/ui_receivecoinsdialog.h
  GEN      qt/forms/ui_receiverequestdialog.h
  GEN      qt/forms/ui_debugwindow.h
  GEN      qt/forms/ui_sendcoinsdialog.h
  GEN      qt/forms/ui_sendcoinsentry.h
  GEN      qt/forms/ui_signverifymessagedialog.h
  GEN      qt/forms/ui_transactiondescdialog.h
  GEN      qt/paymentrequest.pb.h
  GEN      qt/locale/bitcoin_af.qm
  GEN      qt/locale/bitcoin_af_ZA.qm
  GEN      qt/locale/bitcoin_ar.qm
  GEN      qt/locale/bitcoin_be_BY.qm
Removed plural forms as the target language has less forms.
If this sounds wrong, possibly the target language is not set or recognized.
  GEN      qt/locale/bitcoin_bg_BG.qm
  GEN      qt/locale/bitcoin_bg.qm
  GEN      qt/locale/bitcoin_ca_ES.qm
  GEN      qt/locale/bitcoin_ca.qm
  GEN      qt/locale/bitcoin_ca@valencia.qm
  GEN      qt/locale/bitcoin_cs_CZ.qm
  GEN      qt/locale/bitcoin_cs.qm
  GEN      qt/locale/bitcoin_cy.qm
  GEN      qt/locale/bitcoin_da.qm
  GEN      qt/locale/bitcoin_el_GR.qm
  GEN      qt/locale/bitcoin_de.qm
  GEN      qt/locale/bitcoin_el.qm
  GEN      qt/locale/bitcoin_en_GB.qm
  GEN      qt/locale/bitcoin_en.qm
  GEN      qt/locale/bitcoin_eo.qm
  GEN      qt/locale/bitcoin_es_CL.qm
  GEN      qt/locale/bitcoin_es_AR.qm
  GEN      qt/locale/bitcoin_es_CO.qm
  GEN      qt/locale/bitcoin_es_DO.qm
  GEN      qt/locale/bitcoin_es_MX.qm
  GEN      qt/locale/bitcoin_es_ES.qm
  GEN      qt/locale/bitcoin_es.qm
  GEN      qt/locale/bitcoin_es_UY.qm
  GEN      qt/locale/bitcoin_es_VE.qm
  GEN      qt/locale/bitcoin_et.qm
  GEN      qt/locale/bitcoin_eu_ES.qm
  GEN      qt/locale/bitcoin_fa_IR.qm
  GEN      qt/locale/bitcoin_fa.qm
  GEN      qt/locale/bitcoin_fi.qm
  GEN      qt/locale/bitcoin_fr_CA.qm
  GEN      qt/locale/bitcoin_fr_FR.qm
  GEN      qt/locale/bitcoin_fr.qm
  GEN      qt/locale/bitcoin_gl.qm
  GEN      qt/locale/bitcoin_he.qm
  GEN      qt/locale/bitcoin_hi_IN.qm
  GEN      qt/locale/bitcoin_hr.qm
  GEN      qt/locale/bitcoin_hu.qm
Removed plural forms as the target language has less forms.
If this sounds wrong, possibly the target language is not set or recognized.
  GEN      qt/locale/bitcoin_id_ID.qm
  GEN      qt/locale/bitcoin_it_IT.qm
  GEN      qt/locale/bitcoin_it.qm
  GEN      qt/locale/bitcoin_ja.qm
  GEN      qt/locale/bitcoin_ka.qm
  GEN      qt/locale/bitcoin_kk_KZ.qm
  GEN      qt/locale/bitcoin_ko_KR.qm
  GEN      qt/locale/bitcoin_ku_IQ.qm
  GEN      qt/locale/bitcoin_ky.qm
  GEN      qt/locale/bitcoin_la.qm
  GEN      qt/locale/bitcoin_lt.qm
  GEN      qt/locale/bitcoin_lv_LV.qm
  GEN      qt/locale/bitcoin_mk_MK.qm
  GEN      qt/locale/bitcoin_mn.qm
  GEN      qt/locale/bitcoin_ms_MY.qm
  GEN      qt/locale/bitcoin_nb.qm
  GEN      qt/locale/bitcoin_ne.qm
  GEN      qt/locale/bitcoin_nl.qm
  GEN      qt/locale/bitcoin_pam.qm
  GEN      qt/locale/bitcoin_pl.qm
  GEN      qt/locale/bitcoin_pt_BR.qm
  GEN      qt/locale/bitcoin_pt_PT.qm
  GEN      qt/locale/bitcoin_ro_RO.qm
  GEN      qt/locale/bitcoin_ro.qm
  GEN      qt/locale/bitcoin_ru_RU.qm
  GEN      qt/locale/bitcoin_ru.qm
  GEN      qt/locale/bitcoin_sk.qm
  GEN      qt/locale/bitcoin_sl_SI.qm
Removed plural forms as the target language has less forms.
If this sounds wrong, possibly the target language is not set or recognized.
  GEN      qt/locale/bitcoin_sq.qm
  GEN      qt/locale/bitcoin_sr@latin.qm
  GEN      qt/locale/bitcoin_sv.qm
  GEN      qt/locale/bitcoin_sr.qm
  GEN      qt/locale/bitcoin_ta.qm
  GEN      qt/locale/bitcoin_th_TH.qm
  GEN      qt/locale/bitcoin_tr_TR.qm
  GEN      qt/locale/bitcoin_tr.qm
  GEN      qt/locale/bitcoin_uk.qm
Removed plural forms as the target language has less forms.
If this sounds wrong, possibly the target language is not set or recognized.
  GEN      qt/locale/bitcoin_ur_PK.qm
  GEN      qt/locale/bitcoin_uz@Cyrl.qm
  GEN      qt/locale/bitcoin_vi.qm
  GEN      qt/locale/bitcoin_zh_CN.qm
  GEN      qt/locale/bitcoin_vi_VN.qm
  GEN      qt/locale/bitcoin_zh_HK.qm
  GEN      qt/locale/bitcoin_zh.qm
  GEN      qt/locale/bitcoin_zh_TW.qm
  GEN      qt/test/moc_uritests.cpp
  GEN      qt/test/moc_paymentservertests.cpp
  CXX      crypto/libbitcoinconsensus_la-aes.lo
  CXX      crypto/libbitcoinconsensus_la-hmac_sha256.lo
  CXX      crypto/libbitcoinconsensus_la-hmac_sha512.lo
  CXX      crypto/libbitcoinconsensus_la-ripemd160.lo
  CXX      crypto/libbitcoinconsensus_la-sha1.lo
  CXX      crypto/libbitcoinconsensus_la-sha256.lo
  CXX      crypto/libbitcoinconsensus_la-sha512.lo
  CXX      consensus/libbitcoinconsensus_la-merkle.lo
  CXX      primitives/libbitcoinconsensus_la-block.lo
  CXX      primitives/libbitcoinconsensus_la-transaction.lo
  CXX      script/libbitcoinconsensus_la-bitcoinconsensus.lo
  CXX      script/libbitcoinconsensus_la-interpreter.lo
  CXX      script/libbitcoinconsensus_la-script.lo
  CXX      script/libbitcoinconsensus_la-script_error.lo
  CXX      policy/libbitcoin_server_a-fees.o
  CXX      policy/libbitcoin_server_a-policy.o
  CXX      rpc/libbitcoin_server_a-blockchain.o
  CXX      rpc/libbitcoin_server_a-mining.o
  CXX      rpc/libbitcoin_server_a-misc.o
  CXX      rpc/libbitcoin_server_a-net.o
  CXX      rpc/libbitcoin_server_a-rawtransaction.o
  CXX      rpc/libbitcoin_server_a-server.o
  AR       libbitcoin_common.a
  CXX      support/libbitcoin_util_a-pagelocker.o
  CXX      libbitcoin_util_a-clientversion.o
  CXX      compat/libbitcoin_util_a-glibc_sanity.o
  CXX      compat/libbitcoin_util_a-glibcxx_sanity.o
  CXX      compat/libbitcoin_util_a-strnlen.o
  CXX      wallet/libbitcoin_wallet_a-crypter.o
  CXX      wallet/libbitcoin_wallet_a-db.o
  CXX      wallet/libbitcoin_wallet_a-rpcdump.o
  CXX      wallet/libbitcoin_wallet_a-rpcwallet.o
  CXX      wallet/libbitcoin_wallet_a-wallet.o
  CXX      wallet/libbitcoin_wallet_a-walletdb.o
  CXX      zmq/libbitcoin_zmq_a-zmqabstractnotifier.o
  CXX      zmq/libbitcoin_zmq_a-zmqnotificationinterface.o
  CXX      zmq/libbitcoin_zmq_a-zmqpublishnotifier.o
  AR       libbitcoin_consensus.a
  AR       crypto/libbitcoin_crypto.a
  CXX      leveldb/db/leveldb_libleveldb_a-builder.o
  CXX      leveldb/db/leveldb_libleveldb_a-c.o
  CXX      leveldb/db/leveldb_libleveldb_a-dbformat.o
  CXX      leveldb/db/leveldb_libleveldb_a-db_impl.o
  CXX      leveldb/db/leveldb_libleveldb_a-db_iter.o
  CXX      leveldb/db/leveldb_libleveldb_a-dumpfile.o
  CXX      leveldb/db/leveldb_libleveldb_a-filename.o
  CXX      leveldb/db/leveldb_libleveldb_a-log_reader.o
  CXX      leveldb/db/leveldb_libleveldb_a-log_writer.o
  CXX      leveldb/db/leveldb_libleveldb_a-memtable.o
In file included from ./leveldb/util/arena.h:9:0,
                 from ./leveldb/db/skiplist.h:33,
                 from ./leveldb/db/memtable.h:11,
                 from leveldb/db/memtable.cc:5:
leveldb/db/memtable.cc: In member function ‘void leveldb::MemTable::Add(leveldb::SequenceNumber, leveldb::ValueType, const leveldb::Slice&, const leveldb::Slice&)’:
leveldb/db/memtable.cc:104:31: warning: comparison between signed and unsigned integer expressions [-Wsign-compare]
   assert((p + val_size) - buf == encoded_len);
                               ^
  CXX      leveldb/db/leveldb_libleveldb_a-repair.o
  CXX      leveldb/db/leveldb_libleveldb_a-table_cache.o
  CXX      leveldb/db/leveldb_libleveldb_a-version_edit.o
  CXX      leveldb/db/leveldb_libleveldb_a-version_set.o
  CXX      leveldb/db/leveldb_libleveldb_a-write_batch.o
  CXX      leveldb/table/leveldb_libleveldb_a-block_builder.o
  CXX      leveldb/table/leveldb_libleveldb_a-block.o
  CXX      leveldb/table/leveldb_libleveldb_a-filter_block.o
  CXX      leveldb/table/leveldb_libleveldb_a-format.o
  CXX      leveldb/table/leveldb_libleveldb_a-iterator.o
  CXX      leveldb/table/leveldb_libleveldb_a-merger.o
  CXX      leveldb/table/leveldb_libleveldb_a-table_builder.o
  CXX      leveldb/table/leveldb_libleveldb_a-table.o
  CXX      leveldb/table/leveldb_libleveldb_a-two_level_iterator.o
  CXX      leveldb/util/leveldb_libleveldb_a-arena.o
  CXX      leveldb/util/leveldb_libleveldb_a-bloom.o
  CXX      leveldb/util/leveldb_libleveldb_a-cache.o
leveldb/util/bloom.cc: In member function ‘virtual void leveldb::{anonymous}::BloomFilterPolicy::CreateFilter(const leveldb::Slice*, int, std::string*) const’:
leveldb/util/bloom.cc:50:26: warning: comparison between signed and unsigned integer expressions [-Wsign-compare]
     for (size_t i = 0; i < n; i++) {
                          ^
  CXX      leveldb/util/leveldb_libleveldb_a-coding.o
  CXX      leveldb/util/leveldb_libleveldb_a-comparator.o
  CXX      leveldb/util/leveldb_libleveldb_a-crc32c.o
  CXX      leveldb/util/leveldb_libleveldb_a-env.o
  CXX      leveldb/util/leveldb_libleveldb_a-env_posix.o
  CXX      leveldb/util/leveldb_libleveldb_a-env_win.o
  CXX      leveldb/util/leveldb_libleveldb_a-filter_policy.o
  CXX      leveldb/util/leveldb_libleveldb_a-hash.o
  CXX      leveldb/util/leveldb_libleveldb_a-histogram.o
  CXX      leveldb/util/leveldb_libleveldb_a-logging.o
leveldb/util/logging.cc: In function ‘bool leveldb::ConsumeDecimalNumber(leveldb::Slice*, uint64_t*)’:
leveldb/util/logging.cc:58:40: warning: comparison between signed and unsigned integer expressions [-Wsign-compare]
           (v == kMaxUint64/10 && delta > kMaxUint64%10)) {
                                        ^
  CXX      leveldb/util/leveldb_libleveldb_a-options.o
  CXX      leveldb/util/leveldb_libleveldb_a-status.o
  CXX      leveldb/port/leveldb_libleveldb_a-port_posix.o
  CXX      leveldb/helpers/memenv/leveldb_libmemenv_a-memenv.o
  AR       libbitcoin_cli.a
  CXX      test/test_test_bitcoin-arith_uint256_tests.o
  CXX      test/test_test_bitcoin-addrman_tests.o
  CXX      test/test_test_bitcoin-amount_tests.o
  CXX      test/test_test_bitcoin-allocator_tests.o
  CXX      test/test_test_bitcoin-base32_tests.o
  CXX      test/test_test_bitcoin-base58_tests.o
  CXX      test/test_test_bitcoin-base64_tests.o
  CXX      test/test_test_bitcoin-bip32_tests.o
  CXX      test/test_test_bitcoin-blockencodings_tests.o
  CXX      test/test_test_bitcoin-bloom_tests.o
  CXX      test/test_test_bitcoin-coins_tests.o
  CXX      test/test_test_bitcoin-compress_tests.o
  CXX      test/test_test_bitcoin-crypto_tests.o
  CXX      test/test_test_bitcoin-DoS_tests.o
  CXX      test/test_test_bitcoin-getarg_tests.o
  CXX      test/test_test_bitcoin-hash_tests.o
  CXX      test/test_test_bitcoin-key_tests.o
  CXX      test/test_test_bitcoin-limitedmap_tests.o
  CXX      test/test_test_bitcoin-dbwrapper_tests.o
  CXX      test/test_test_bitcoin-main_tests.o
  CXX      test/test_test_bitcoin-mempool_tests.o
  CXX      test/test_test_bitcoin-merkle_tests.o
  CXX      test/test_test_bitcoin-miner_tests.o
  CXX      test/test_test_bitcoin-multisig_tests.o
  CXX      test/test_test_bitcoin-net_tests.o
  CXX      test/test_test_bitcoin-netbase_tests.o
  CXX      test/test_test_bitcoin-pmt_tests.o
  CXX      test/test_test_bitcoin-policyestimator_tests.o
  CXX      test/test_test_bitcoin-pow_tests.o
  CXX      test/test_test_bitcoin-prevector_tests.o
  CXX      test/test_test_bitcoin-reverselock_tests.o
  CXX      test/test_test_bitcoin-rpc_tests.o
  CXX      test/test_test_bitcoin-sanity_tests.o
  CXX      test/test_test_bitcoin-scheduler_tests.o
  CXX      test/test_test_bitcoin-script_P2SH_tests.o
  CXX      test/test_test_bitcoin-script_tests.o
  CXX      test/test_test_bitcoin-scriptnum_tests.o
  CXX      test/test_test_bitcoin-serialize_tests.o
  CXX      test/test_test_bitcoin-sighash_tests.o
  CXX      test/test_test_bitcoin-sigopcount_tests.o
  CXX      test/test_test_bitcoin-skiplist_tests.o
  CXX      test/test_test_bitcoin-streams_tests.o
  CXX      test/test_test_bitcoin-test_bitcoin.o
  CXX      test/test_test_bitcoin-testutil.o
  CXX      test/test_test_bitcoin-timedata_tests.o
  CXX      test/test_test_bitcoin-transaction_tests.o
  CXX      test/test_test_bitcoin-txvalidationcache_tests.o
  CXX      test/test_test_bitcoin-versionbits_tests.o
  CXX      test/test_test_bitcoin-uint256_tests.o
  CXX      test/test_test_bitcoin-univalue_tests.o
  CXX      test/test_test_bitcoin-util_tests.o
  CXX      wallet/test/test_test_bitcoin-wallet_test_fixture.o
  CXX      wallet/test/test_test_bitcoin-accounting_tests.o
  CXX      wallet/test/test_test_bitcoin-wallet_tests.o
  CXX      wallet/test/test_test_bitcoin-crypto_tests.o
  CXX      wallet/test/test_test_bitcoin-rpc_wallet_tests.o
In file included from /usr/include/boost/test/unit_test.hpp:20:0,
                 from test/script_tests.cpp:28:
test/script_tests.cpp: In member function ‘void script_tests::script_build::test_method()’:
test/script_tests.cpp:478:22: note: variable tracking size limit exceeded with -fvar-tracking-assignments, retrying without
 BOOST_AUTO_TEST_CASE(script_build)
                      ^
  CXX      bench/bench_bench_bitcoin-bench_bitcoin.o
  CXX      bench/bench_bench_bitcoin-bench.o
  CXX      bench/bench_bench_bitcoin-Examples.o
  CXX      bench/bench_bench_bitcoin-rollingbloom.o
  CXX      bench/bench_bench_bitcoin-crypto_hash.o
  CXX      bench/bench_bench_bitcoin-base58.o
  GEN      qt/bitcoin.moc
  GEN      qt/bitcoinamountfield.moc
  GEN      qt/intro.moc
  GEN      qt/rpcconsole.moc
  GEN      qt/overviewpage.moc
  GEN      qt/moc_addressbookpage.cpp
  GEN      qt/moc_addresstablemodel.cpp
  GEN      qt/moc_askpassphrasedialog.cpp
  GEN      qt/moc_bantablemodel.cpp
  GEN      qt/moc_bitcoinaddressvalidator.cpp
  GEN      qt/moc_bitcoinamountfield.cpp
  GEN      qt/moc_bitcoingui.cpp
  GEN      qt/moc_bitcoinunits.cpp
  GEN      qt/moc_clientmodel.cpp
  GEN      qt/moc_coincontroldialog.cpp
  GEN      qt/moc_coincontroltreewidget.cpp
  GEN      qt/moc_csvmodelwriter.cpp
  GEN      qt/moc_editaddressdialog.cpp
  GEN      qt/moc_guiutil.cpp
  GEN      qt/moc_intro.cpp
  GEN      qt/moc_macdockiconhandler.cpp
  GEN      qt/moc_macnotificationhandler.cpp
  GEN      qt/moc_notificator.cpp
  GEN      qt/moc_openuridialog.cpp
  GEN      qt/moc_optionsdialog.cpp
  GEN      qt/moc_optionsmodel.cpp
  GEN      qt/moc_overviewpage.cpp
  GEN      qt/moc_peertablemodel.cpp
  GEN      qt/moc_paymentserver.cpp
  GEN      qt/moc_qvalidatedlineedit.cpp
  GEN      qt/moc_qvaluecombobox.cpp
  GEN      qt/moc_receivecoinsdialog.cpp
  GEN      qt/moc_receiverequestdialog.cpp
  GEN      qt/moc_recentrequeststablemodel.cpp
  GEN      qt/moc_rpcconsole.cpp
  GEN      qt/moc_sendcoinsdialog.cpp
  GEN      qt/moc_sendcoinsentry.cpp
  GEN      qt/moc_signverifymessagedialog.cpp
  GEN      qt/moc_splashscreen.cpp
  GEN      qt/moc_trafficgraphwidget.cpp
  GEN      qt/moc_transactiondesc.cpp
  GEN      qt/moc_transactiondescdialog.cpp
  GEN      qt/moc_transactionfilterproxy.cpp
  GEN      qt/moc_transactiontablemodel.cpp
  GEN      qt/moc_transactionview.cpp
  GEN      qt/moc_utilitydialog.cpp
  GEN      qt/moc_walletframe.cpp
  GEN      qt/moc_walletmodel.cpp
  GEN      qt/moc_walletview.cpp
  CXX      qt/qt_libbitcoinqt_a-paymentrequest.pb.o
  GEN      qt/qrc_bitcoin.cpp
  GEN      qt/qrc_bitcoin_locale.cpp
  CXX      qt/test/qt_test_test_bitcoin_qt-test_main.o
  CXX      qt/test/qt_test_test_bitcoin_qt-uritests.o
  CXX      qt/test/qt_test_test_bitcoin_qt-paymentservertests.o
  CXX      qt/test/qt_test_test_bitcoin_qt-moc_uritests.o
  CXX      qt/test/qt_test_test_bitcoin_qt-moc_paymentservertests.o
  CXXLD    libbitcoinconsensus.la
  AR       libbitcoin_server.a
  AR       libbitcoin_util.a
  AR       libbitcoin_wallet.a
  AR       libbitcoin_zmq.a
  AR       leveldb/libleveldb.a
  AR       leveldb/libmemenv.a
  CXXLD    bitcoin-cli
  CXXLD    bitcoin-tx
  CXX      qt/qt_bitcoin_qt-bitcoin.o
  CXX      qt/qt_libbitcoinqt_a-bantablemodel.o
  CXX      qt/qt_libbitcoinqt_a-bitcoinaddressvalidator.o
  CXX      qt/qt_libbitcoinqt_a-bitcoinamountfield.o
  CXX      qt/qt_libbitcoinqt_a-bitcoingui.o
  CXX      qt/qt_libbitcoinqt_a-bitcoinunits.o
  CXX      qt/qt_libbitcoinqt_a-clientmodel.o
  CXX      qt/qt_libbitcoinqt_a-csvmodelwriter.o
  CXX      qt/qt_libbitcoinqt_a-guiutil.o
  CXX      qt/qt_libbitcoinqt_a-intro.o
  CXX      qt/qt_libbitcoinqt_a-networkstyle.o
  CXX      qt/qt_libbitcoinqt_a-notificator.o
  CXX      qt/qt_libbitcoinqt_a-optionsdialog.o
  CXX      qt/qt_libbitcoinqt_a-optionsmodel.o
  CXX      qt/qt_libbitcoinqt_a-peertablemodel.o
  CXX      qt/qt_libbitcoinqt_a-platformstyle.o
  CXX      qt/qt_libbitcoinqt_a-qvalidatedlineedit.o
  CXX      qt/qt_libbitcoinqt_a-qvaluecombobox.o
  CXX      qt/qt_libbitcoinqt_a-rpcconsole.o
  CXX      qt/qt_libbitcoinqt_a-splashscreen.o
  CXX      qt/qt_libbitcoinqt_a-trafficgraphwidget.o
  CXX      qt/qt_libbitcoinqt_a-utilitydialog.o
  CXX      qt/qt_libbitcoinqt_a-addressbookpage.o
  CXX      qt/qt_libbitcoinqt_a-addresstablemodel.o
  CXX      qt/qt_libbitcoinqt_a-askpassphrasedialog.o
  CXX      qt/qt_libbitcoinqt_a-coincontroldialog.o
  CXX      qt/qt_libbitcoinqt_a-coincontroltreewidget.o
  CXX      qt/qt_libbitcoinqt_a-editaddressdialog.o
  CXX      qt/qt_libbitcoinqt_a-openuridialog.o
  CXX      qt/qt_libbitcoinqt_a-overviewpage.o
  CXX      qt/qt_libbitcoinqt_a-paymentrequestplus.o
  CXX      qt/qt_libbitcoinqt_a-paymentserver.o
  CXX      qt/qt_libbitcoinqt_a-receivecoinsdialog.o
  CXX      qt/qt_libbitcoinqt_a-receiverequestdialog.o
  CXX      qt/qt_libbitcoinqt_a-recentrequeststablemodel.o
  CXX      qt/qt_libbitcoinqt_a-sendcoinsdialog.o
  CXX      qt/qt_libbitcoinqt_a-sendcoinsentry.o
  CXX      qt/qt_libbitcoinqt_a-signverifymessagedialog.o
  CXX      qt/qt_libbitcoinqt_a-transactiondesc.o
  CXX      qt/qt_libbitcoinqt_a-transactiondescdialog.o
  CXX      qt/qt_libbitcoinqt_a-transactionfilterproxy.o
  CXX      qt/qt_libbitcoinqt_a-transactionrecord.o
  CXX      qt/qt_libbitcoinqt_a-transactiontablemodel.o
  CXX      qt/qt_libbitcoinqt_a-transactionview.o
  CXX      qt/qt_libbitcoinqt_a-walletframe.o
  CXX      qt/qt_libbitcoinqt_a-walletmodel.o
  CXX      qt/qt_libbitcoinqt_a-walletmodeltransaction.o
  CXX      qt/qt_libbitcoinqt_a-walletview.o
  CXX      qt/qt_libbitcoinqt_a-moc_addressbookpage.o
  CXX      qt/qt_libbitcoinqt_a-moc_addresstablemodel.o
  CXX      qt/qt_libbitcoinqt_a-moc_askpassphrasedialog.o
  CXX      qt/qt_libbitcoinqt_a-moc_bantablemodel.o
  CXX      qt/qt_libbitcoinqt_a-moc_bitcoinaddressvalidator.o
  CXX      qt/qt_libbitcoinqt_a-moc_bitcoinamountfield.o
  CXX      qt/qt_libbitcoinqt_a-moc_bitcoingui.o
  CXX      qt/qt_libbitcoinqt_a-moc_bitcoinunits.o
  CXX      qt/qt_libbitcoinqt_a-moc_clientmodel.o
  CXX      qt/qt_libbitcoinqt_a-moc_coincontroldialog.o
  CXX      qt/qt_libbitcoinqt_a-moc_coincontroltreewidget.o
  CXX      qt/qt_libbitcoinqt_a-moc_csvmodelwriter.o
  CXX      qt/qt_libbitcoinqt_a-moc_editaddressdialog.o
  CXX      qt/qt_libbitcoinqt_a-moc_guiutil.o
  CXX      qt/qt_libbitcoinqt_a-moc_intro.o
  CXX      qt/qt_libbitcoinqt_a-moc_macdockiconhandler.o
  CXX      qt/qt_libbitcoinqt_a-moc_macnotificationhandler.o
  CXX      qt/qt_libbitcoinqt_a-moc_notificator.o
  CXX      qt/qt_libbitcoinqt_a-moc_openuridialog.o
  CXX      qt/qt_libbitcoinqt_a-moc_optionsdialog.o
  CXX      qt/qt_libbitcoinqt_a-moc_optionsmodel.o
  CXX      qt/qt_libbitcoinqt_a-moc_overviewpage.o
  CXX      qt/qt_libbitcoinqt_a-moc_peertablemodel.o
  CXX      qt/qt_libbitcoinqt_a-moc_paymentserver.o
  CXX      qt/qt_libbitcoinqt_a-moc_qvalidatedlineedit.o
  CXX      qt/qt_libbitcoinqt_a-moc_qvaluecombobox.o
  CXX      qt/qt_libbitcoinqt_a-moc_receivecoinsdialog.o
  CXX      qt/qt_libbitcoinqt_a-moc_receiverequestdialog.o
  CXX      qt/qt_libbitcoinqt_a-moc_recentrequeststablemodel.o
  CXX      qt/qt_libbitcoinqt_a-moc_rpcconsole.o
  CXX      qt/qt_libbitcoinqt_a-moc_sendcoinsdialog.o
  CXX      qt/qt_libbitcoinqt_a-moc_sendcoinsentry.o
  CXX      qt/qt_libbitcoinqt_a-moc_signverifymessagedialog.o
  CXX      qt/qt_libbitcoinqt_a-moc_splashscreen.o
  CXX      qt/qt_libbitcoinqt_a-moc_trafficgraphwidget.o
  CXX      qt/qt_libbitcoinqt_a-moc_transactiondesc.o
  CXX      qt/qt_libbitcoinqt_a-moc_transactiondescdialog.o
  CXX      qt/qt_libbitcoinqt_a-moc_transactionfilterproxy.o
  CXX      qt/qt_libbitcoinqt_a-moc_transactiontablemodel.o
  CXX      qt/qt_libbitcoinqt_a-moc_transactionview.o
  CXX      qt/qt_libbitcoinqt_a-moc_utilitydialog.o
  CXX      qt/qt_libbitcoinqt_a-moc_walletframe.o
  CXX      qt/qt_libbitcoinqt_a-moc_walletmodel.o
  CXX      qt/qt_libbitcoinqt_a-moc_walletview.o
  CXX      qt/qt_libbitcoinqt_a-qrc_bitcoin.o
  CXX      qt/qt_libbitcoinqt_a-qrc_bitcoin_locale.o
  CXXLD    bitcoind
  CXXLD    test/test_bitcoin
  CXXLD    bench/bench_bitcoin
  AR       qt/libbitcoinqt.a
  OBJCXXLD qt/bitcoin-qt
  CXXLD    qt/test/test_bitcoin-qt
make[2]: Leaving directory '/tmp/1234/bitcoin-test-repo/src'
make[1]: Leaving directory '/tmp/1234/bitcoin-test-repo/src'
make[1]: Entering directory '/tmp/1234/bitcoin-test-repo'
make[1]: Nothing to be done for 'all-am'.
make[1]: Leaving directory '/tmp/1234/bitcoin-test-repo'
